<html>
<body>
<pre>
<h1>µVision Build Log</h1>
<h2>Tool Versions:</h2>
IDE-Version: ¦ÌVision V5.38.0.0
Copyright (C) 2022 ARM Ltd and ARM Germany GmbH. All rights reserved.
License Information: 1 2, 3, LIC=FYKYW-QQ24C-HLSCL-0Y90G-PS14K-VPYBR
 
Tool Versions:
Toolchain:       MDK-ARM Plus  Version: 5.38.0.0
Toolchain Path:  C:\software\keil5\keil\ARM\ARMCC\Bin
C Compiler:      Armcc.exe V5.06 update 4 (build 422)
Assembler:       Armasm.exe V5.06 update 4 (build 422)
Linker/Locator:  ArmLink.exe V5.06 update 4 (build 422)
Library Manager: ArmAr.exe V5.06 update 4 (build 422)
Hex Converter:   FromElf.exe V5.06 update 4 (build 422)
CPU DLL:         SARMCM3.DLL V5.38.0.0
Dialog DLL:      DCM.DLL V1.17.5.0
Target DLL:      UL2CM3.DLL V1.164.8.0
Dialog DLL:      TCM.DLL V1.56.4.0
 
<h2>Project:</h2>
C:\Users\abels\Desktop\MiniFoc\software\GB6010_Motor_AS5048A\MDK-ARM\1110.uvprojx
Project File Date:  03/11/2023

<h2>Output:</h2>
*** Using Compiler 'V5.06 update 4 (build 422)', folder: 'C:\software\keil5\keil\ARM\ARMCC\Bin'
Rebuild target '1110'
assembling startup_stm32f405xx.s...
compiling stm32f4xx_it.c...
compiling adc.c...
../Core/Src/adc.c(46): warning:  #177-D: variable "bIndex"  was declared but never referenced
  	static u16 bIndex;
../Core/Src/adc.c: 1 warning, 0 errors
compiling main.c...
compiling tim.c...
compiling spi.c...
compiling usart.c...
../Core/Src/usart.c(126): warning:  #260-D: explicit type is missing ("int" assumed)
  _ttywrch(int ch)
../Core/Src/usart.c(138): warning:  #177-D: variable "temp"  was declared but never referenced
  	uint8_t temp[1] = {ch};
../Core/Src/usart.c: 2 warnings, 0 errors
compiling gpio.c...
compiling dma.c...
compiling stm32f4xx_ll_adc.c...
compiling stm32f4xx_hal_msp.c...
compiling Sensor_SPI.c...
compiling ref_signal_in.c...
..\ref_signal_in.c(18): warning:  #1035-D: single-precision operand implicitly converted to double-precision
  				thr_test = hPosi_ref/2.0 *  arm_sin_f32(pi/(ref_time/1000.0f) * counter-pi/2.0f) + hPosi_ref/2.0;
..\ref_signal_in.c(18): warning:  #1035-D: single-precision operand implicitly converted to double-precision
  				thr_test = hPosi_ref/2.0 *  arm_sin_f32(
i/(ref_time/1000.0f) * counter-
i/2.0f) + hPosi_ref/2.0;
..\ref_signal_in.c(19): warning:  #1035-D: single-precision operand implicitly converted to double-precision
  				wr_test  = hPosi_ref/2.0*pi/(ref_time/1000.0f)  *arm_cos_f32(pi/(ref_time/1000.0f) * counter-pi/2.0);
..\ref_signal_in.c(19): warning:  #1035-D: single-precision operand implicitly converted to double-precision
  				wr_test  = hPosi_ref/2.0*
i/(ref_time/1000.0f)  *arm_cos_f32(
i/(ref_time/1000.0f) * counter-
i/2.0);
..\ref_signal_in.c: 4 warnings, 0 errors
compiling stm32f4xx_hal_adc.c...
compiling motor.c...
..\motor.c(231): warning:  #1035-D: single-precision operand implicitly converted to double-precision
  	if (temp < 
dc * 0.95 || temp > Udc * 1.05)
..\motor.c(231): warning:  #1035-D: single-precision operand implicitly converted to double-precision
  	if (temp < 
dc * 0.95 || temp > 
dc * 1.05)
..\motor.c(282): warning:  #1035-D: single-precision operand implicitly converted to double-precision
  	if (
BS(d_angle) > 0.8 * 
pr)
..\motor.c(325): warning:  #1035-D: single-precision operand implicitly converted to double-precision
  	Iab_temp.Ia = (int16_t)((int16_t)hPhaseA_OffSet - (int16_t)HAL_ADCEx_InjectedGetValue(&hadc1, 
DC_INJECTED_RANK_1)) * 
AMPLE_CURR_CON_FACTOR;
..\motor.c(326): warning:  #1035-D: single-precision operand implicitly converted to double-precision
  	Iab_temp.Ib = (int16_t)((int16_t)hPhaseB_OffSet - (int16_t)HAL_ADCEx_InjectedGetValue(&hadc1, 
DC_INJECTED_RANK_2)) * 
AMPLE_CURR_CON_FACTOR;
..\motor.c(68): warning:  #177-D: variable "hSpeedMeas_Timebase_500us"  was declared but never referenced
  static u16 hSpeedMeas_Timebase_500us = SPEED_SAMPLING_TIME;
..\motor.c(76): warning:  #177-D: variable "FullRotationOffset"  was declared but never referenced
  static float FullRotationOffset;
..\motor.c: 7 warnings, 0 errors
compiling stm32f4xx_hal_adc_ex.c...
compiling user_fcn.c...
compiling stm32f4xx_hal_rcc.c...
compiling stm32f4xx_hal_flash.c...
compiling stm32f4xx_hal_rcc_ex.c...
compiling stm32f4xx_hal_flash_ex.c...
compiling stm32f4xx_hal_gpio.c...
compiling stm32f4xx_hal_flash_ramfunc.c...
compiling stm32f4xx_hal_dma.c...
compiling stm32f4xx_hal_dma_ex.c...
compiling stm32f4xx_hal_pwr.c...
compiling stm32f4xx_hal_pwr_ex.c...
compiling stm32f4xx_hal.c...
compiling stm32f4xx_hal_exti.c...
compiling stm32f4xx_hal_cortex.c...
compiling stm32f4xx_hal_spi.c...
compiling stm32f4xx_hal_tim_ex.c...
compiling stm32f4xx_hal_uart.c...
compiling stm32f4xx_hal_tim.c...
compiling system_stm32f4xx.c...
compiling lcd_init.c...
..\lcd_init.c(17): warning:  #177-D: variable "i"  was declared but never referenced
  	u8 i;
..\lcd_init.c: 1 warning, 0 errors
compiling lcd.c...
compiling ugui.c...
..\ugui.c(5310): warning:  #191-D: type qualifier is meaningless on cast type
     while ( (volatile UG_U8)gui->state & UG_SATUS_WAIT_FOR_UPDATE ){};
..\ugui.c: 1 warning, 0 errors
linking...
Program Size: Code=34156 RO-data=15988 RW-data=280 ZI-data=2312  
"1110\1110.axf" - 0 Error(s), 16 Warning(s).

<h2>Software Packages used:</h2>

Package Vendor: ARM
                http://www.keil.com/pack/ARM.CMSIS.5.9.0.pack
                ARM.CMSIS.5.9.0
                CMSIS (Common Microcontroller Software Interface Standard)
   * Component: CORE Version: 5.6.0

Package Vendor: GigaDevice
                https://gd32mcu.com/data/documents/pack/GigaDevice.GD32F4xx_DFP.3.0.3.pack
                GigaDevice.GD32F4xx_DFP.3.0.3
                GigaDevice GD32F4xx Series Device Support and Examples

<h2>Collection of Component include folders:</h2>
  ./RTE/_1110
  C:/software/keil5/pack/ARM/CMSIS/5.9.0/CMSIS/Core/Include
  C:/software/keil5/pack/GigaDevice/GD32F4xx_DFP/3.0.3/Device/F4XX/Include

<h2>Collection of Component Files used:</h2>

   * Component: ARM::CMSIS:CORE:5.6.0
Build Time Elapsed:  00:01:11
</pre>
</body>
</html>
